2025-11-03T20:03:44 INFO  [restartedMain] c.c.b.BatchScheduleApplication - Starting BatchScheduleApplication using Java 24.0.2 with PID 6824 (C:\Users\chakr\OneDrive\Desktop\springboot\batch_schedule\target\classes started by chakr in C:\Users\chakr\OneDrive\Desktop\springboot\batch_schedule)
2025-11-03T20:03:44 INFO  [restartedMain] c.c.b.BatchScheduleApplication - No active profile set, falling back to 1 default profile: "default"
2025-11-03T20:03:44 INFO  [restartedMain] o.s.b.d.e.DevToolsPropertyDefaultsPostProcessor - Devtools property defaults active! Set 'spring.devtools.add-properties' to 'false' to disable
2025-11-03T20:03:44 INFO  [restartedMain] o.s.b.d.e.DevToolsPropertyDefaultsPostProcessor - For additional web related logging consider setting the 'logging.level.web' property to 'DEBUG'
2025-11-03T20:03:45 INFO  [restartedMain] o.s.d.r.c.RepositoryConfigurationDelegate - Bootstrapping Spring Data JPA repositories in DEFAULT mode.
2025-11-03T20:03:45 INFO  [restartedMain] o.s.d.r.c.RepositoryConfigurationDelegate - Finished Spring Data repository scanning in 133 ms. Found 2 JPA repository interfaces.
2025-11-03T20:03:46 INFO  [restartedMain] o.s.b.w.e.tomcat.TomcatWebServer - Tomcat initialized with port 8080 (http)
2025-11-03T20:03:46 INFO  [restartedMain] o.a.coyote.http11.Http11NioProtocol - Initializing ProtocolHandler ["http-nio-8080"]
2025-11-03T20:03:46 INFO  [restartedMain] o.a.catalina.core.StandardService - Starting service [Tomcat]
2025-11-03T20:03:46 INFO  [restartedMain] o.a.catalina.core.StandardEngine - Starting Servlet engine: [Apache Tomcat/10.1.48]
2025-11-03T20:03:46 INFO  [restartedMain] o.a.c.c.C.[Tomcat].[localhost].[/] - Initializing Spring embedded WebApplicationContext
2025-11-03T20:03:46 INFO  [restartedMain] o.s.b.w.s.c.ServletWebServerApplicationContext - Root WebApplicationContext: initialization completed in 2299 ms
2025-11-03T20:03:46 INFO  [restartedMain] o.h.jpa.internal.util.LogHelper - HHH000204: Processing PersistenceUnitInfo [name: default]
2025-11-03T20:03:46 INFO  [restartedMain] org.hibernate.Version - HHH000412: Hibernate ORM core version 6.6.33.Final
2025-11-03T20:03:46 INFO  [restartedMain] o.h.c.i.RegionFactoryInitiator - HHH000026: Second-level cache disabled
2025-11-03T20:03:47 INFO  [restartedMain] o.s.o.j.p.SpringPersistenceUnitInfo - No LoadTimeWeaver setup: ignoring JPA class transformer
2025-11-03T20:03:47 INFO  [restartedMain] com.zaxxer.hikari.HikariDataSource - HikariPool-1 - Starting...
2025-11-03T20:03:47 INFO  [restartedMain] com.zaxxer.hikari.pool.HikariPool - HikariPool-1 - Added connection org.postgresql.jdbc.PgConnection@14324e9a
2025-11-03T20:03:47 INFO  [restartedMain] com.zaxxer.hikari.HikariDataSource - HikariPool-1 - Start completed.
2025-11-03T20:03:47 INFO  [restartedMain] o.hibernate.orm.connections.pooling - HHH10001005: Database info:
	Database JDBC URL [Connecting through datasource 'HikariDataSource (HikariPool-1)']
	Database driver: undefined/unknown
	Database version: 17.5
	Autocommit mode: undefined/unknown
	Isolation level: undefined/unknown
	Minimum pool size: undefined/unknown
	Maximum pool size: undefined/unknown
2025-11-03T20:03:48 INFO  [restartedMain] o.h.e.t.j.p.i.JtaPlatformInitiator - HHH000489: No JTA platform available (set 'hibernate.transaction.jta.platform' to enable JTA platform integration)
2025-11-03T20:03:49 DEBUG [restartedMain] org.hibernate.SQL - create table payroll_batch_log (id bigint generated by default as identity, error_message TEXT, failed_count integer, file_name varchar(255), retry_count integer, run_time timestamp(6), status varchar(255), success_count integer, total_records integer, primary key (id))
2025-11-03T20:03:49 DEBUG [restartedMain] org.hibernate.SQL - create table payroll_record (id bigint generated by default as identity, base_salary float(53) not null, bonus float(53) not null, employeeid varchar(255), month varchar(255), name varchar(255), net_salary float(53) not null, uploadtime timestamp(6), primary key (id))
2025-11-03T20:03:49 INFO  [restartedMain] o.s.o.j.LocalContainerEntityManagerFactoryBean - Initialized JPA EntityManagerFactory for persistence unit 'default'
2025-11-03T20:03:49 WARN  [restartedMain] o.s.b.a.o.j.JpaBaseConfiguration$JpaWebConfiguration - spring.jpa.open-in-view is enabled by default. Therefore, database queries may be performed during view rendering. Explicitly configure spring.jpa.open-in-view to disable this warning
2025-11-03T20:03:50 INFO  [restartedMain] o.s.b.d.a.OptionalLiveReloadServer - LiveReload server is running on port 35729
2025-11-03T20:03:50 INFO  [restartedMain] o.a.coyote.http11.Http11NioProtocol - Starting ProtocolHandler ["http-nio-8080"]
2025-11-03T20:03:50 INFO  [restartedMain] o.s.b.w.e.tomcat.TomcatWebServer - Tomcat started on port 8080 (http) with context path '/'
2025-11-03T20:03:50 INFO  [restartedMain] c.c.b.BatchScheduleApplication - Started BatchScheduleApplication in 6.798 seconds (process running for 7.638)
2025-11-03T20:03:50 INFO  [scheduling-1] c.c.b.jobs.PayrollProcessorjob - Found file to process: salary.csv
2025-11-03T20:03:50 DEBUG [scheduling-1] org.hibernate.SQL - insert into payroll_record (base_salary,bonus,employeeid,month,name,net_salary,uploadtime) values (?,?,?,?,?,?,?)
2025-11-03T20:03:50 DEBUG [scheduling-1] org.hibernate.SQL - insert into payroll_record (base_salary,bonus,employeeid,month,name,net_salary,uploadtime) values (?,?,?,?,?,?,?)
2025-11-03T20:03:50 DEBUG [scheduling-1] org.hibernate.SQL - insert into payroll_record (base_salary,bonus,employeeid,month,name,net_salary,uploadtime) values (?,?,?,?,?,?,?)
2025-11-03T20:03:50 DEBUG [scheduling-1] org.hibernate.SQL - insert into payroll_record (base_salary,bonus,employeeid,month,name,net_salary,uploadtime) values (?,?,?,?,?,?,?)
2025-11-03T20:03:50 DEBUG [scheduling-1] org.hibernate.SQL - insert into payroll_record (base_salary,bonus,employeeid,month,name,net_salary,uploadtime) values (?,?,?,?,?,?,?)
2025-11-03T20:03:50 DEBUG [scheduling-1] org.hibernate.SQL - insert into payroll_record (base_salary,bonus,employeeid,month,name,net_salary,uploadtime) values (?,?,?,?,?,?,?)
2025-11-03T20:03:50 DEBUG [scheduling-1] org.hibernate.SQL - insert into payroll_record (base_salary,bonus,employeeid,month,name,net_salary,uploadtime) values (?,?,?,?,?,?,?)
2025-11-03T20:03:50 DEBUG [scheduling-1] org.hibernate.SQL - insert into payroll_record (base_salary,bonus,employeeid,month,name,net_salary,uploadtime) values (?,?,?,?,?,?,?)
2025-11-03T20:03:50 DEBUG [scheduling-1] org.hibernate.SQL - insert into payroll_record (base_salary,bonus,employeeid,month,name,net_salary,uploadtime) values (?,?,?,?,?,?,?)
2025-11-03T20:03:50 DEBUG [scheduling-1] org.hibernate.SQL - insert into payroll_record (base_salary,bonus,employeeid,month,name,net_salary,uploadtime) values (?,?,?,?,?,?,?)
2025-11-03T20:03:50 INFO  [scheduling-1] c.c.b.service.CsvPayrollService - Processed file=salary.csv, total=10, success=10, failed=0
2025-11-03T20:03:50 DEBUG [scheduling-1] org.hibernate.SQL - insert into payroll_batch_log (error_message,failed_count,file_name,retry_count,run_time,status,success_count,total_records) values (?,?,?,?,?,?,?,?)
2025-11-03T20:04:40 INFO  [SpringApplicationShutdownHook] o.s.b.w.e.tomcat.GracefulShutdown - Commencing graceful shutdown. Waiting for active requests to complete
2025-11-03T20:04:40 INFO  [tomcat-shutdown] o.s.b.w.e.tomcat.GracefulShutdown - Graceful shutdown complete
2025-11-03T20:04:40 INFO  [SpringApplicationShutdownHook] o.s.o.j.LocalContainerEntityManagerFactoryBean - Closing JPA EntityManagerFactory for persistence unit 'default'
2025-11-03T20:04:40 INFO  [SpringApplicationShutdownHook] com.zaxxer.hikari.HikariDataSource - HikariPool-1 - Shutdown initiated...
2025-11-03T20:04:40 INFO  [SpringApplicationShutdownHook] com.zaxxer.hikari.HikariDataSource - HikariPool-1 - Shutdown completed.
2025-11-03T20:06:57 INFO  [restartedMain] c.c.b.BatchScheduleApplication - Starting BatchScheduleApplication using Java 24.0.2 with PID 3464 (C:\Users\chakr\OneDrive\Desktop\springboot\batch_schedule\target\classes started by chakr in C:\Users\chakr\OneDrive\Desktop\springboot\batch_schedule)
2025-11-03T20:06:57 INFO  [restartedMain] c.c.b.BatchScheduleApplication - No active profile set, falling back to 1 default profile: "default"
2025-11-03T20:06:57 INFO  [restartedMain] o.s.b.d.e.DevToolsPropertyDefaultsPostProcessor - Devtools property defaults active! Set 'spring.devtools.add-properties' to 'false' to disable
2025-11-03T20:06:57 INFO  [restartedMain] o.s.b.d.e.DevToolsPropertyDefaultsPostProcessor - For additional web related logging consider setting the 'logging.level.web' property to 'DEBUG'
2025-11-03T20:06:57 INFO  [restartedMain] o.s.d.r.c.RepositoryConfigurationDelegate - Bootstrapping Spring Data JPA repositories in DEFAULT mode.
2025-11-03T20:06:57 INFO  [restartedMain] o.s.d.r.c.RepositoryConfigurationDelegate - Finished Spring Data repository scanning in 56 ms. Found 2 JPA repository interfaces.
2025-11-03T20:06:58 INFO  [restartedMain] o.s.b.w.e.tomcat.TomcatWebServer - Tomcat initialized with port 8080 (http)
2025-11-03T20:06:58 INFO  [restartedMain] o.a.coyote.http11.Http11NioProtocol - Initializing ProtocolHandler ["http-nio-8080"]
2025-11-03T20:06:58 INFO  [restartedMain] o.a.catalina.core.StandardService - Starting service [Tomcat]
2025-11-03T20:06:58 INFO  [restartedMain] o.a.catalina.core.StandardEngine - Starting Servlet engine: [Apache Tomcat/10.1.48]
2025-11-03T20:06:58 INFO  [restartedMain] o.a.c.c.C.[Tomcat].[localhost].[/] - Initializing Spring embedded WebApplicationContext
2025-11-03T20:06:58 INFO  [restartedMain] o.s.b.w.s.c.ServletWebServerApplicationContext - Root WebApplicationContext: initialization completed in 1445 ms
2025-11-03T20:06:58 INFO  [restartedMain] o.h.jpa.internal.util.LogHelper - HHH000204: Processing PersistenceUnitInfo [name: default]
2025-11-03T20:06:58 INFO  [restartedMain] org.hibernate.Version - HHH000412: Hibernate ORM core version 6.6.33.Final
2025-11-03T20:06:58 INFO  [restartedMain] o.h.c.i.RegionFactoryInitiator - HHH000026: Second-level cache disabled
2025-11-03T20:06:59 INFO  [restartedMain] o.s.o.j.p.SpringPersistenceUnitInfo - No LoadTimeWeaver setup: ignoring JPA class transformer
2025-11-03T20:06:59 INFO  [restartedMain] com.zaxxer.hikari.HikariDataSource - HikariPool-1 - Starting...
2025-11-03T20:06:59 INFO  [restartedMain] com.zaxxer.hikari.pool.HikariPool - HikariPool-1 - Added connection org.postgresql.jdbc.PgConnection@78b7a1b3
2025-11-03T20:06:59 INFO  [restartedMain] com.zaxxer.hikari.HikariDataSource - HikariPool-1 - Start completed.
2025-11-03T20:06:59 INFO  [restartedMain] o.hibernate.orm.connections.pooling - HHH10001005: Database info:
	Database JDBC URL [Connecting through datasource 'HikariDataSource (HikariPool-1)']
	Database driver: undefined/unknown
	Database version: 17.5
	Autocommit mode: undefined/unknown
	Isolation level: undefined/unknown
	Minimum pool size: undefined/unknown
	Maximum pool size: undefined/unknown
2025-11-03T20:07:00 INFO  [restartedMain] o.h.e.t.j.p.i.JtaPlatformInitiator - HHH000489: No JTA platform available (set 'hibernate.transaction.jta.platform' to enable JTA platform integration)
2025-11-03T20:07:00 INFO  [restartedMain] o.s.o.j.LocalContainerEntityManagerFactoryBean - Initialized JPA EntityManagerFactory for persistence unit 'default'
2025-11-03T20:07:01 WARN  [restartedMain] o.s.b.a.o.j.JpaBaseConfiguration$JpaWebConfiguration - spring.jpa.open-in-view is enabled by default. Therefore, database queries may be performed during view rendering. Explicitly configure spring.jpa.open-in-view to disable this warning
2025-11-03T20:07:01 INFO  [restartedMain] o.s.b.d.a.OptionalLiveReloadServer - LiveReload server is running on port 35729
2025-11-03T20:07:01 INFO  [restartedMain] o.a.coyote.http11.Http11NioProtocol - Starting ProtocolHandler ["http-nio-8080"]
2025-11-03T20:07:01 INFO  [restartedMain] o.s.b.w.e.tomcat.TomcatWebServer - Tomcat started on port 8080 (http) with context path '/'
2025-11-03T20:07:01 INFO  [restartedMain] c.c.b.BatchScheduleApplication - Started BatchScheduleApplication in 4.912 seconds (process running for 5.398)
2025-11-03T20:08:16 INFO  [restartedMain] c.c.b.BatchScheduleApplication - Starting BatchScheduleApplication using Java 24.0.2 with PID 25208 (C:\Users\chakr\OneDrive\Desktop\springboot\batch_schedule\target\classes started by chakr in C:\Users\chakr\OneDrive\Desktop\springboot\batch_schedule)
2025-11-03T20:08:16 INFO  [restartedMain] c.c.b.BatchScheduleApplication - No active profile set, falling back to 1 default profile: "default"
2025-11-03T20:08:16 INFO  [restartedMain] o.s.b.d.e.DevToolsPropertyDefaultsPostProcessor - Devtools property defaults active! Set 'spring.devtools.add-properties' to 'false' to disable
2025-11-03T20:08:16 INFO  [restartedMain] o.s.b.d.e.DevToolsPropertyDefaultsPostProcessor - For additional web related logging consider setting the 'logging.level.web' property to 'DEBUG'
2025-11-03T20:08:16 INFO  [restartedMain] o.s.d.r.c.RepositoryConfigurationDelegate - Bootstrapping Spring Data JPA repositories in DEFAULT mode.
2025-11-03T20:08:16 INFO  [restartedMain] o.s.d.r.c.RepositoryConfigurationDelegate - Finished Spring Data repository scanning in 65 ms. Found 2 JPA repository interfaces.
2025-11-03T20:08:17 INFO  [restartedMain] o.s.b.w.e.tomcat.TomcatWebServer - Tomcat initialized with port 8080 (http)
2025-11-03T20:08:17 INFO  [restartedMain] o.a.coyote.http11.Http11NioProtocol - Initializing ProtocolHandler ["http-nio-8080"]
2025-11-03T20:08:17 INFO  [restartedMain] o.a.catalina.core.StandardService - Starting service [Tomcat]
2025-11-03T20:08:17 INFO  [restartedMain] o.a.catalina.core.StandardEngine - Starting Servlet engine: [Apache Tomcat/10.1.48]
2025-11-03T20:08:17 INFO  [restartedMain] o.a.c.c.C.[Tomcat].[localhost].[/] - Initializing Spring embedded WebApplicationContext
2025-11-03T20:08:17 INFO  [restartedMain] o.s.b.w.s.c.ServletWebServerApplicationContext - Root WebApplicationContext: initialization completed in 1401 ms
2025-11-03T20:08:17 INFO  [restartedMain] o.h.jpa.internal.util.LogHelper - HHH000204: Processing PersistenceUnitInfo [name: default]
2025-11-03T20:08:17 INFO  [restartedMain] org.hibernate.Version - HHH000412: Hibernate ORM core version 6.6.33.Final
2025-11-03T20:08:17 INFO  [restartedMain] o.h.c.i.RegionFactoryInitiator - HHH000026: Second-level cache disabled
2025-11-03T20:08:18 INFO  [restartedMain] o.s.o.j.p.SpringPersistenceUnitInfo - No LoadTimeWeaver setup: ignoring JPA class transformer
2025-11-03T20:08:18 INFO  [restartedMain] com.zaxxer.hikari.HikariDataSource - HikariPool-1 - Starting...
2025-11-03T20:08:18 INFO  [restartedMain] com.zaxxer.hikari.pool.HikariPool - HikariPool-1 - Added connection org.postgresql.jdbc.PgConnection@4bbfb6cb
2025-11-03T20:08:18 INFO  [restartedMain] com.zaxxer.hikari.HikariDataSource - HikariPool-1 - Start completed.
2025-11-03T20:08:18 INFO  [restartedMain] o.hibernate.orm.connections.pooling - HHH10001005: Database info:
	Database JDBC URL [Connecting through datasource 'HikariDataSource (HikariPool-1)']
	Database driver: undefined/unknown
	Database version: 17.5
	Autocommit mode: undefined/unknown
	Isolation level: undefined/unknown
	Minimum pool size: undefined/unknown
	Maximum pool size: undefined/unknown
2025-11-03T20:08:19 INFO  [restartedMain] o.h.e.t.j.p.i.JtaPlatformInitiator - HHH000489: No JTA platform available (set 'hibernate.transaction.jta.platform' to enable JTA platform integration)
2025-11-03T20:08:19 INFO  [restartedMain] o.s.o.j.LocalContainerEntityManagerFactoryBean - Initialized JPA EntityManagerFactory for persistence unit 'default'
2025-11-03T20:08:19 WARN  [restartedMain] o.s.b.a.o.j.JpaBaseConfiguration$JpaWebConfiguration - spring.jpa.open-in-view is enabled by default. Therefore, database queries may be performed during view rendering. Explicitly configure spring.jpa.open-in-view to disable this warning
2025-11-03T20:08:20 INFO  [restartedMain] o.s.b.d.a.OptionalLiveReloadServer - LiveReload server is running on port 35729
2025-11-03T20:08:20 INFO  [restartedMain] o.a.coyote.http11.Http11NioProtocol - Starting ProtocolHandler ["http-nio-8080"]
2025-11-03T20:08:20 INFO  [restartedMain] o.s.b.w.e.tomcat.TomcatWebServer - Tomcat started on port 8080 (http) with context path '/'
2025-11-03T20:08:20 INFO  [restartedMain] c.c.b.BatchScheduleApplication - Started BatchScheduleApplication in 4.601 seconds (process running for 5.036)
2025-11-03T20:08:20 INFO  [scheduling-1] c.c.b.jobs.PayrollProcessorjob - Found file to process: salary.csv
2025-11-03T20:08:20 DEBUG [scheduling-1] org.hibernate.SQL - insert into payroll_record (base_salary,bonus,employeeid,month,name,net_salary,uploadtime) values (?,?,?,?,?,?,?)
2025-11-03T20:08:20 DEBUG [scheduling-1] org.hibernate.SQL - insert into payroll_record (base_salary,bonus,employeeid,month,name,net_salary,uploadtime) values (?,?,?,?,?,?,?)
2025-11-03T20:08:20 DEBUG [scheduling-1] org.hibernate.SQL - insert into payroll_record (base_salary,bonus,employeeid,month,name,net_salary,uploadtime) values (?,?,?,?,?,?,?)
2025-11-03T20:08:20 DEBUG [scheduling-1] org.hibernate.SQL - insert into payroll_record (base_salary,bonus,employeeid,month,name,net_salary,uploadtime) values (?,?,?,?,?,?,?)
2025-11-03T20:08:20 DEBUG [scheduling-1] org.hibernate.SQL - insert into payroll_record (base_salary,bonus,employeeid,month,name,net_salary,uploadtime) values (?,?,?,?,?,?,?)
2025-11-03T20:08:20 DEBUG [scheduling-1] org.hibernate.SQL - insert into payroll_record (base_salary,bonus,employeeid,month,name,net_salary,uploadtime) values (?,?,?,?,?,?,?)
2025-11-03T20:08:20 DEBUG [scheduling-1] org.hibernate.SQL - insert into payroll_record (base_salary,bonus,employeeid,month,name,net_salary,uploadtime) values (?,?,?,?,?,?,?)
2025-11-03T20:08:20 DEBUG [scheduling-1] org.hibernate.SQL - insert into payroll_record (base_salary,bonus,employeeid,month,name,net_salary,uploadtime) values (?,?,?,?,?,?,?)
2025-11-03T20:08:20 DEBUG [scheduling-1] org.hibernate.SQL - insert into payroll_record (base_salary,bonus,employeeid,month,name,net_salary,uploadtime) values (?,?,?,?,?,?,?)
2025-11-03T20:08:20 DEBUG [scheduling-1] org.hibernate.SQL - insert into payroll_record (base_salary,bonus,employeeid,month,name,net_salary,uploadtime) values (?,?,?,?,?,?,?)
2025-11-03T20:08:20 INFO  [scheduling-1] c.c.b.service.CsvPayrollService - Processed file=salary.csv, total=10, success=10, failed=0
2025-11-03T20:08:20 DEBUG [scheduling-1] org.hibernate.SQL - insert into payroll_batch_log (error_message,failed_count,file_name,retry_count,run_time,status,success_count,total_records) values (?,?,?,?,?,?,?,?)
2025-11-03T20:11:41 INFO  [http-nio-8080-exec-1] o.a.c.c.C.[Tomcat].[localhost].[/] - Initializing Spring DispatcherServlet 'dispatcherServlet'
2025-11-03T20:11:41 INFO  [http-nio-8080-exec-1] o.s.web.servlet.DispatcherServlet - Initializing Servlet 'dispatcherServlet'
2025-11-03T20:11:41 INFO  [http-nio-8080-exec-1] o.s.web.servlet.DispatcherServlet - Completed initialization in 9 ms
2025-11-03T20:11:59 DEBUG [http-nio-8080-exec-8] org.hibernate.SQL - select pl1_0.id,pl1_0.error_message,pl1_0.failed_count,pl1_0.file_name,pl1_0.retry_count,pl1_0.run_time,pl1_0.status,pl1_0.success_count,pl1_0.total_records from payroll_batch_log pl1_0
2025-11-03T20:12:43 DEBUG [http-nio-8080-exec-5] org.hibernate.SQL - select pl1_0.id,pl1_0.error_message,pl1_0.failed_count,pl1_0.file_name,pl1_0.retry_count,pl1_0.run_time,pl1_0.status,pl1_0.success_count,pl1_0.total_records from payroll_batch_log pl1_0
2025-11-03T20:12:52 INFO  [SpringApplicationShutdownHook] o.s.b.w.e.tomcat.GracefulShutdown - Commencing graceful shutdown. Waiting for active requests to complete
2025-11-03T20:12:52 INFO  [tomcat-shutdown] o.s.b.w.e.tomcat.GracefulShutdown - Graceful shutdown complete
2025-11-03T20:12:52 INFO  [SpringApplicationShutdownHook] o.s.o.j.LocalContainerEntityManagerFactoryBean - Closing JPA EntityManagerFactory for persistence unit 'default'
2025-11-03T20:12:52 INFO  [SpringApplicationShutdownHook] com.zaxxer.hikari.HikariDataSource - HikariPool-1 - Shutdown initiated...
2025-11-03T20:12:52 INFO  [SpringApplicationShutdownHook] com.zaxxer.hikari.HikariDataSource - HikariPool-1 - Shutdown completed.
